// Jest Snapshot v1, https://goo.gl/fbAQLP

exports[`CompareCard should match snapshot 1`] = `
ShallowWrapper {
  "length": 1,
  Symbol(enzyme.__root__): [Circular],
  Symbol(enzyme.__unrendered__): <CompareCard
    compareInfo={
        Object {
            "ACADEMY 20": 0.407,
            "COLORADO": 0.53,
            "compared": 0.768,
          }
    }
/>,
  Symbol(enzyme.__renderer__): Object {
    "batchedUpdates": [Function],
    "getNode": [Function],
    "render": [Function],
    "simulateEvent": [Function],
    "unmount": [Function],
  },
  Symbol(enzyme.__node__): Object {
    "instance": null,
    "key": undefined,
    "nodeType": "host",
    "props": Object {
      "children": Array [
        <h3>
          ACADEMY 20: 0.407
</h3>,
        <h3>
          &lt;------ 0.768 ------&gt;
</h3>,
        <h3>
          COLORADO: 0.53
</h3>,
      ],
      "className": "card clicked compare-card",
    },
    "ref": null,
    "rendered": Array [
      Object {
        "instance": null,
        "key": undefined,
        "nodeType": "host",
        "props": Object {
          "children": "ACADEMY 20: 0.407",
        },
        "ref": null,
        "rendered": "ACADEMY 20: 0.407",
        "type": "h3",
      },
      Object {
        "instance": null,
        "key": undefined,
        "nodeType": "host",
        "props": Object {
          "children": "<------ 0.768 ------>",
        },
        "ref": null,
        "rendered": "<------ 0.768 ------>",
        "type": "h3",
      },
      Object {
        "instance": null,
        "key": undefined,
        "nodeType": "host",
        "props": Object {
          "children": "COLORADO: 0.53",
        },
        "ref": null,
        "rendered": "COLORADO: 0.53",
        "type": "h3",
      },
    ],
    "type": "div",
  },
  Symbol(enzyme.__nodes__): Array [
    Object {
      "instance": null,
      "key": undefined,
      "nodeType": "host",
      "props": Object {
        "children": Array [
          <h3>
            ACADEMY 20: 0.407
</h3>,
          <h3>
            &lt;------ 0.768 ------&gt;
</h3>,
          <h3>
            COLORADO: 0.53
</h3>,
        ],
        "className": "card clicked compare-card",
      },
      "ref": null,
      "rendered": Array [
        Object {
          "instance": null,
          "key": undefined,
          "nodeType": "host",
          "props": Object {
            "children": "ACADEMY 20: 0.407",
          },
          "ref": null,
          "rendered": "ACADEMY 20: 0.407",
          "type": "h3",
        },
        Object {
          "instance": null,
          "key": undefined,
          "nodeType": "host",
          "props": Object {
            "children": "<------ 0.768 ------>",
          },
          "ref": null,
          "rendered": "<------ 0.768 ------>",
          "type": "h3",
        },
        Object {
          "instance": null,
          "key": undefined,
          "nodeType": "host",
          "props": Object {
            "children": "COLORADO: 0.53",
          },
          "ref": null,
          "rendered": "COLORADO: 0.53",
          "type": "h3",
        },
      ],
      "type": "div",
    },
  ],
  Symbol(enzyme.__options__): Object {
    "adapter": ReactSixteenAdapter {
      "options": Object {
        "enableComponentDidUpdateOnSetState": true,
      },
    },
  },
}
`;
