// Jest Snapshot v1, https://goo.gl/fbAQLP

exports[`Card should match the snapshot 1`] = `
ShallowWrapper {
  Symbol(enzyme.__root__): [Circular],
  Symbol(enzyme.__unrendered__): <Card
    location="Turing"
    stats={
      Object {
        "2018": 1,
      }
    }
  />,
  Symbol(enzyme.__renderer__): Object {
    "batchedUpdates": [Function],
    "getNode": [Function],
    "render": [Function],
    "simulateError": [Function],
    "simulateEvent": [Function],
    "unmount": [Function],
  },
  Symbol(enzyme.__node__): Object {
    "instance": null,
    "key": undefined,
    "nodeType": "host",
    "props": Object {
      "children": <section
        className="info-section"
      >
        <h2
          className="location"
        >
          Turing
        </h2>
        <h3
          className="district-data"
        >
          <p
            className="above50"
          >
            <span
              className="year"
            >
              2018
              : 
            </span>
            1
          </p>
        </h3>
      </section>,
      "className": "card-div",
    },
    "ref": null,
    "rendered": Object {
      "instance": null,
      "key": undefined,
      "nodeType": "host",
      "props": Object {
        "children": Array [
          <h2
            className="location"
          >
            Turing
          </h2>,
          <h3
            className="district-data"
          >
            <p
              className="above50"
            >
              <span
                className="year"
              >
                2018
                : 
              </span>
              1
            </p>
          </h3>,
        ],
        "className": "info-section",
      },
      "ref": null,
      "rendered": Array [
        Object {
          "instance": null,
          "key": undefined,
          "nodeType": "host",
          "props": Object {
            "children": "Turing",
            "className": "location",
          },
          "ref": null,
          "rendered": "Turing",
          "type": "h2",
        },
        Object {
          "instance": null,
          "key": undefined,
          "nodeType": "host",
          "props": Object {
            "children": Array [
              <p
                className="above50"
              >
                <span
                  className="year"
                >
                  2018
                  : 
                </span>
                1
              </p>,
            ],
            "className": "district-data",
          },
          "ref": null,
          "rendered": Array [
            Object {
              "instance": null,
              "key": "0",
              "nodeType": "host",
              "props": Object {
                "children": Array [
                  <span
                    className="year"
                  >
                    2018
                    : 
                  </span>,
                  1,
                ],
                "className": "above50",
              },
              "ref": null,
              "rendered": Array [
                Object {
                  "instance": null,
                  "key": undefined,
                  "nodeType": "host",
                  "props": Object {
                    "children": Array [
                      "2018",
                      ": ",
                    ],
                    "className": "year",
                  },
                  "ref": null,
                  "rendered": Array [
                    "2018",
                    ": ",
                  ],
                  "type": "span",
                },
                1,
              ],
              "type": "p",
            },
          ],
          "type": "h3",
        },
      ],
      "type": "section",
    },
    "type": "div",
  },
  Symbol(enzyme.__nodes__): Array [
    Object {
      "instance": null,
      "key": undefined,
      "nodeType": "host",
      "props": Object {
        "children": <section
          className="info-section"
        >
          <h2
            className="location"
          >
            Turing
          </h2>
          <h3
            className="district-data"
          >
            <p
              className="above50"
            >
              <span
                className="year"
              >
                2018
                : 
              </span>
              1
            </p>
          </h3>
        </section>,
        "className": "card-div",
      },
      "ref": null,
      "rendered": Object {
        "instance": null,
        "key": undefined,
        "nodeType": "host",
        "props": Object {
          "children": Array [
            <h2
              className="location"
            >
              Turing
            </h2>,
            <h3
              className="district-data"
            >
              <p
                className="above50"
              >
                <span
                  className="year"
                >
                  2018
                  : 
                </span>
                1
              </p>
            </h3>,
          ],
          "className": "info-section",
        },
        "ref": null,
        "rendered": Array [
          Object {
            "instance": null,
            "key": undefined,
            "nodeType": "host",
            "props": Object {
              "children": "Turing",
              "className": "location",
            },
            "ref": null,
            "rendered": "Turing",
            "type": "h2",
          },
          Object {
            "instance": null,
            "key": undefined,
            "nodeType": "host",
            "props": Object {
              "children": Array [
                <p
                  className="above50"
                >
                  <span
                    className="year"
                  >
                    2018
                    : 
                  </span>
                  1
                </p>,
              ],
              "className": "district-data",
            },
            "ref": null,
            "rendered": Array [
              Object {
                "instance": null,
                "key": "0",
                "nodeType": "host",
                "props": Object {
                  "children": Array [
                    <span
                      className="year"
                    >
                      2018
                      : 
                    </span>,
                    1,
                  ],
                  "className": "above50",
                },
                "ref": null,
                "rendered": Array [
                  Object {
                    "instance": null,
                    "key": undefined,
                    "nodeType": "host",
                    "props": Object {
                      "children": Array [
                        "2018",
                        ": ",
                      ],
                      "className": "year",
                    },
                    "ref": null,
                    "rendered": Array [
                      "2018",
                      ": ",
                    ],
                    "type": "span",
                  },
                  1,
                ],
                "type": "p",
              },
            ],
            "type": "h3",
          },
        ],
        "type": "section",
      },
      "type": "div",
    },
  ],
  Symbol(enzyme.__options__): Object {
    "adapter": ReactSixteenAdapter {
      "options": Object {
        "enableComponentDidUpdateOnSetState": true,
        "lifecycles": Object {
          "componentDidUpdate": Object {
            "onSetState": true,
          },
          "getDerivedStateFromProps": true,
          "getSnapshotBeforeUpdate": true,
          "setState": Object {
            "skipsComponentDidUpdateOnNullish": true,
          },
        },
      },
    },
    "attachTo": undefined,
    "hydrateIn": undefined,
  },
}
`;
