// Jest Snapshot v1, https://goo.gl/fbAQLP

exports[`Districts should match the snapshot 1`] = `
ShallowWrapper {
  "length": 1,
  Symbol(enzyme.__root__): [Circular],
  Symbol(enzyme.__unrendered__): <Districts
    selectedCards={Array []}
    setSelectedCard={[Function]}
    stats={
        Object {
            "location": "Colorado",
            "selected": false,
            "stats": Object {},
          }
    }
/>,
  Symbol(enzyme.__renderer__): Object {
    "batchedUpdates": [Function],
    "getNode": [Function],
    "render": [Function],
    "simulateEvent": [Function],
    "unmount": [Function],
  },
  Symbol(enzyme.__node__): Object {
    "instance": null,
    "key": undefined,
    "nodeType": "host",
    "props": Object {
      "children": Array [
        <Card
          0="C"
          1="o"
          2="l"
          3="o"
          4="r"
          5="a"
          6="d"
          7="o"
          selectedCards={Array []}
          setSelectedCard={[Function]}
/>,
        <Card
          selectedCards={Array []}
          setSelectedCard={[Function]}
/>,
        <Card
          selectedCards={Array []}
          setSelectedCard={[Function]}
/>,
      ],
      "className": "districtCards",
    },
    "ref": null,
    "rendered": Array [
      Object {
        "instance": null,
        "key": "0district",
        "nodeType": "function",
        "props": Object {
          "0": "C",
          "1": "o",
          "2": "l",
          "3": "o",
          "4": "r",
          "5": "a",
          "6": "d",
          "7": "o",
          "selectedCards": Array [],
          "setSelectedCard": [Function],
        },
        "ref": null,
        "rendered": null,
        "type": [Function],
      },
      Object {
        "instance": null,
        "key": "1district",
        "nodeType": "function",
        "props": Object {
          "selectedCards": Array [],
          "setSelectedCard": [Function],
        },
        "ref": null,
        "rendered": null,
        "type": [Function],
      },
      Object {
        "instance": null,
        "key": "2district",
        "nodeType": "function",
        "props": Object {
          "selectedCards": Array [],
          "setSelectedCard": [Function],
        },
        "ref": null,
        "rendered": null,
        "type": [Function],
      },
    ],
    "type": "section",
  },
  Symbol(enzyme.__nodes__): Array [
    Object {
      "instance": null,
      "key": undefined,
      "nodeType": "host",
      "props": Object {
        "children": Array [
          <Card
            0="C"
            1="o"
            2="l"
            3="o"
            4="r"
            5="a"
            6="d"
            7="o"
            selectedCards={Array []}
            setSelectedCard={[Function]}
/>,
          <Card
            selectedCards={Array []}
            setSelectedCard={[Function]}
/>,
          <Card
            selectedCards={Array []}
            setSelectedCard={[Function]}
/>,
        ],
        "className": "districtCards",
      },
      "ref": null,
      "rendered": Array [
        Object {
          "instance": null,
          "key": "0district",
          "nodeType": "function",
          "props": Object {
            "0": "C",
            "1": "o",
            "2": "l",
            "3": "o",
            "4": "r",
            "5": "a",
            "6": "d",
            "7": "o",
            "selectedCards": Array [],
            "setSelectedCard": [Function],
          },
          "ref": null,
          "rendered": null,
          "type": [Function],
        },
        Object {
          "instance": null,
          "key": "1district",
          "nodeType": "function",
          "props": Object {
            "selectedCards": Array [],
            "setSelectedCard": [Function],
          },
          "ref": null,
          "rendered": null,
          "type": [Function],
        },
        Object {
          "instance": null,
          "key": "2district",
          "nodeType": "function",
          "props": Object {
            "selectedCards": Array [],
            "setSelectedCard": [Function],
          },
          "ref": null,
          "rendered": null,
          "type": [Function],
        },
      ],
      "type": "section",
    },
  ],
  Symbol(enzyme.__options__): Object {
    "adapter": ReactSixteenAdapter {
      "options": Object {
        "enableComponentDidUpdateOnSetState": true,
      },
    },
  },
}
`;
