// Jest Snapshot v1, https://goo.gl/fbAQLP

exports[`Districts should match the snapshot 1`] = `
ShallowWrapper {
  "length": 1,
  Symbol(enzyme.__root__): [Circular],
  Symbol(enzyme.__unrendered__): <Districts
    setSelectedCard={[Function]}
    stats={
        Object {
            "ARAPAHOE": Object {
              "location": "ARAPAHOE",
              "selected": false,
              "stats": Object {},
            },
            "COLORADO": Object {
              "location": "COLORADO",
              "selected": false,
              "stats": Object {},
            },
          }
    }
/>,
  Symbol(enzyme.__renderer__): Object {
    "batchedUpdates": [Function],
    "getNode": [Function],
    "render": [Function],
    "simulateEvent": [Function],
    "unmount": [Function],
  },
  Symbol(enzyme.__node__): Object {
    "instance": null,
    "key": undefined,
    "nodeType": "host",
    "props": Object {
      "children": Array [
        <Card
          location="COLORADO"
          selected={false}
          setSelectedCard={[Function]}
          stats={Object {}}
/>,
        <Card
          location="ARAPAHOE"
          selected={false}
          setSelectedCard={[Function]}
          stats={Object {}}
/>,
      ],
      "className": "districtCards",
    },
    "ref": null,
    "rendered": Array [
      Object {
        "instance": null,
        "key": "0district",
        "nodeType": "function",
        "props": Object {
          "location": "COLORADO",
          "selected": false,
          "setSelectedCard": [Function],
          "stats": Object {},
        },
        "ref": null,
        "rendered": null,
        "type": [Function],
      },
      Object {
        "instance": null,
        "key": "1district",
        "nodeType": "function",
        "props": Object {
          "location": "ARAPAHOE",
          "selected": false,
          "setSelectedCard": [Function],
          "stats": Object {},
        },
        "ref": null,
        "rendered": null,
        "type": [Function],
      },
    ],
    "type": "section",
  },
  Symbol(enzyme.__nodes__): Array [
    Object {
      "instance": null,
      "key": undefined,
      "nodeType": "host",
      "props": Object {
        "children": Array [
          <Card
            location="COLORADO"
            selected={false}
            setSelectedCard={[Function]}
            stats={Object {}}
/>,
          <Card
            location="ARAPAHOE"
            selected={false}
            setSelectedCard={[Function]}
            stats={Object {}}
/>,
        ],
        "className": "districtCards",
      },
      "ref": null,
      "rendered": Array [
        Object {
          "instance": null,
          "key": "0district",
          "nodeType": "function",
          "props": Object {
            "location": "COLORADO",
            "selected": false,
            "setSelectedCard": [Function],
            "stats": Object {},
          },
          "ref": null,
          "rendered": null,
          "type": [Function],
        },
        Object {
          "instance": null,
          "key": "1district",
          "nodeType": "function",
          "props": Object {
            "location": "ARAPAHOE",
            "selected": false,
            "setSelectedCard": [Function],
            "stats": Object {},
          },
          "ref": null,
          "rendered": null,
          "type": [Function],
        },
      ],
      "type": "section",
    },
  ],
  Symbol(enzyme.__options__): Object {
    "adapter": ReactSixteenAdapter {
      "options": Object {
        "enableComponentDidUpdateOnSetState": true,
      },
    },
  },
}
`;
