// Jest Snapshot v1, https://goo.gl/fbAQLP

exports[`DistrictCard should match snapshot 1`] = `
<div
  className="district-card"
  onClick={[Function]}
>
  <h1
    className="district-location"
  />
  <header
    className="year-header-hide"
  >
    Year
  </header>
  <header
    className="avg-header-hide"
  >
    Avg
  </header>
  <p
    className="hide-msg"
  >
    Click to Remove
  </p>
</div>
`;

exports[`DistrictCard should match snapshot 2`] = `
<div
  className="district-card"
  onClick={[Function]}
>
  <h1
    className="district-location"
  >
    Colorado
  </h1>
  <header
    className="year-header-hide"
  >
    Year
  </header>
  <header
    className="avg-header-hide"
  >
    Avg
  </header>
  <section
    className="stats-hide"
    key="0"
  >
    <p
      className="year"
    >
      2004
      ......
      <span
        className="avg-low"
      >
        0.24
      </span>
    </p>
  </section>
  <section
    className="stats-hide"
    key="1"
  >
    <p
      className="year"
    >
      2005
      ......
      <span
        className="avg-low"
      >
        0.278
      </span>
    </p>
  </section>
  <section
    className="stats-hide"
    key="2"
  >
    <p
      className="year"
    >
      2006
      ......
      <span
        className="avg-low"
      >
        0.337
      </span>
    </p>
  </section>
  <section
    className="stats-hide"
    key="3"
  >
    <p
      className="year"
    >
      2007
      ......
      <span
        className="avg-low"
      >
        0.395
      </span>
    </p>
  </section>
  <section
    className="stats-hide"
    key="4"
  >
    <p
      className="year"
    >
      2008
      ......
      <span
        className="avg-high"
      >
        0.536
      </span>
    </p>
  </section>
  <section
    className="stats-hide"
    key="5"
  >
    <p
      className="year"
    >
      2009
      ......
      <span
        className="avg-high"
      >
        0.598
      </span>
    </p>
  </section>
  <section
    className="stats-hide"
    key="6"
  >
    <p
      className="year"
    >
      2010
      ......
      <span
        className="avg-high"
      >
        0.64
      </span>
    </p>
  </section>
  <section
    className="stats-hide"
    key="7"
  >
    <p
      className="year"
    >
      2011
      ......
      <span
        className="avg-high"
      >
        0.672
      </span>
    </p>
  </section>
  <section
    className="stats-hide"
    key="8"
  >
    <p
      className="year"
    >
      2012
      ......
      <span
        className="avg-high"
      >
        0.695
      </span>
    </p>
  </section>
  <section
    className="stats-hide"
    key="9"
  >
    <p
      className="year"
    >
      2013
      ......
      <span
        className="avg-high"
      >
        0.703
      </span>
    </p>
  </section>
  <section
    className="stats-hide"
    key="10"
  >
    <p
      className="year"
    >
      2014
      ......
      <span
        className="avg-high"
      >
        0.741
      </span>
    </p>
  </section>
  <p
    className="hide-msg"
  >
    Click to Remove
  </p>
</div>
`;
