// Jest Snapshot v1, https://goo.gl/fbAQLP

exports[`LocationList should match the snapshot 1`] = `"<aside class=\\"LocationList\\"><input class=\\"Search\\" placeholder=\\"SEARCH\\"/></aside>"`;

exports[`LocationList should match the snapshot with multiple locations 1`] = `"<aside class=\\"LocationList\\"><input class=\\"Search\\" placeholder=\\"SEARCH\\"/><button name=\\"COLORADO\\" class=\\"LocationList__btn\\">COLORADO</button><button name=\\"ACADEMY 20\\" class=\\"LocationList__btn\\">ACADEMY 20</button><button name=\\"AGATE 300\\" class=\\"LocationList__btn\\">AGATE 300</button></aside>"`;

exports[`LocationList should match the snapshot with one location 1`] = `"<aside class=\\"LocationList\\"><input class=\\"Search\\" placeholder=\\"SEARCH\\"/><button name=\\"COLORADO\\" class=\\"LocationList__btn\\">COLORADO</button></aside>"`;
