// Jest Snapshot v1, https://goo.gl/fbAQLP

exports[`TopArrow should render content to the DOM 1`] = `
<div
  aria-label="top-of-page-link-wrapper"
  className="top-arrow-container"
>
  <a
    aria-label="top-of-page-link"
    href="#page-top"
  >
    <img
      alt="up-arrow"
      src="./up-arrow.svg"
    />
  </a>
</div>
`;
