// Jest Snapshot v1, https://goo.gl/fbAQLP

exports[`DistrictsContainer matches the snapshot 1`] = `
ShallowWrapper {
  Symbol(enzyme.__root__): [Circular],
  Symbol(enzyme.__unrendered__): <DistrictsContainer
    districts={
      Array [
        Object {
          "colorado": Object {},
        },
        Object {
          "academy 20": Object {},
        },
        Object {
          "agate 300": Object {},
        },
      ]
    }
  />,
  Symbol(enzyme.__renderer__): Object {
    "batchedUpdates": [Function],
    "getNode": [Function],
    "render": [Function],
    "simulateError": [Function],
    "simulateEvent": [Function],
    "unmount": [Function],
  },
  Symbol(enzyme.__node__): Object {
    "instance": null,
    "key": undefined,
    "nodeType": "host",
    "props": Object {
      "children": Array [
        <DistrictCard
          colorado={Object {}}
          district={
            Object {
              "colorado": Object {},
            }
          }
        />,
        <DistrictCard
          academy 20={Object {}}
          district={
            Object {
              "academy 20": Object {},
            }
          }
        />,
        <DistrictCard
          agate 300={Object {}}
          district={
            Object {
              "agate 300": Object {},
            }
          }
        />,
      ],
      "className": "DistrictsContainer",
    },
    "ref": null,
    "rendered": Array [
      Object {
        "instance": null,
        "key": "0",
        "nodeType": "class",
        "props": Object {
          "colorado": Object {},
          "compareDistrict": undefined,
          "district": Object {
            "colorado": Object {},
          },
          "districtsBeingCompared": undefined,
        },
        "ref": null,
        "rendered": null,
        "type": [Function],
      },
      Object {
        "instance": null,
        "key": "1",
        "nodeType": "class",
        "props": Object {
          "academy 20": Object {},
          "compareDistrict": undefined,
          "district": Object {
            "academy 20": Object {},
          },
          "districtsBeingCompared": undefined,
        },
        "ref": null,
        "rendered": null,
        "type": [Function],
      },
      Object {
        "instance": null,
        "key": "2",
        "nodeType": "class",
        "props": Object {
          "agate 300": Object {},
          "compareDistrict": undefined,
          "district": Object {
            "agate 300": Object {},
          },
          "districtsBeingCompared": undefined,
        },
        "ref": null,
        "rendered": null,
        "type": [Function],
      },
    ],
    "type": "div",
  },
  Symbol(enzyme.__nodes__): Array [
    Object {
      "instance": null,
      "key": undefined,
      "nodeType": "host",
      "props": Object {
        "children": Array [
          <DistrictCard
            colorado={Object {}}
            district={
              Object {
                "colorado": Object {},
              }
            }
          />,
          <DistrictCard
            academy 20={Object {}}
            district={
              Object {
                "academy 20": Object {},
              }
            }
          />,
          <DistrictCard
            agate 300={Object {}}
            district={
              Object {
                "agate 300": Object {},
              }
            }
          />,
        ],
        "className": "DistrictsContainer",
      },
      "ref": null,
      "rendered": Array [
        Object {
          "instance": null,
          "key": "0",
          "nodeType": "class",
          "props": Object {
            "colorado": Object {},
            "compareDistrict": undefined,
            "district": Object {
              "colorado": Object {},
            },
            "districtsBeingCompared": undefined,
          },
          "ref": null,
          "rendered": null,
          "type": [Function],
        },
        Object {
          "instance": null,
          "key": "1",
          "nodeType": "class",
          "props": Object {
            "academy 20": Object {},
            "compareDistrict": undefined,
            "district": Object {
              "academy 20": Object {},
            },
            "districtsBeingCompared": undefined,
          },
          "ref": null,
          "rendered": null,
          "type": [Function],
        },
        Object {
          "instance": null,
          "key": "2",
          "nodeType": "class",
          "props": Object {
            "agate 300": Object {},
            "compareDistrict": undefined,
            "district": Object {
              "agate 300": Object {},
            },
            "districtsBeingCompared": undefined,
          },
          "ref": null,
          "rendered": null,
          "type": [Function],
        },
      ],
      "type": "div",
    },
  ],
  Symbol(enzyme.__options__): Object {
    "adapter": ReactSixteenAdapter {
      "options": Object {
        "enableComponentDidUpdateOnSetState": true,
        "lifecycles": Object {
          "componentDidUpdate": Object {
            "onSetState": true,
          },
          "getDerivedStateFromProps": true,
          "getSnapshotBeforeUpdate": true,
          "setState": Object {
            "skipsComponentDidUpdateOnNullish": true,
          },
        },
      },
    },
    "attachTo": undefined,
    "hydrateIn": undefined,
  },
}
`;
