// Jest Snapshot v1, https://goo.gl/fbAQLP

exports[`CardContainer matches snapshot 1`] = `undefined`;
