// Jest Snapshot v1, https://goo.gl/fbAQLP

exports[`CardsContainer should render 181 cards 1`] = `
<div
  className="cards-container"
/>
`;
