// Jest Snapshot v1, https://goo.gl/fbAQLP

exports[`CardArea should match snapshot 1`] = `
ShallowWrapper {
  "length": 1,
  Symbol(enzyme.__root__): [Circular],
  Symbol(enzyme.__unrendered__): <CardArea
    cleanData={
        Array [
            Object {
              "location": "COLORADO",
              "stats": Array [
                Object {
                  "2007": 1,
                },
              ],
            },
          ]
    }
    selectCard={[Function]}
    selectedCards={Array []}
/>,
  Symbol(enzyme.__renderer__): Object {
    "batchedUpdates": [Function],
    "getNode": [Function],
    "render": [Function],
    "simulateEvent": [Function],
    "unmount": [Function],
  },
  Symbol(enzyme.__node__): Object {
    "instance": null,
    "key": undefined,
    "nodeType": "host",
    "props": Object {
      "children": Array [
        <Card
          location="COLORADO"
          selectCard={[Function]}
          selectedCards={Array []}
          stats={
                    Array [
                              Object {
                                "2007": 1,
                              },
                            ]
          }
/>,
      ],
      "className": "card-area",
    },
    "ref": null,
    "rendered": Array [
      Object {
        "instance": null,
        "key": "0",
        "nodeType": "function",
        "props": Object {
          "location": "COLORADO",
          "selectCard": [Function],
          "selectedCards": Array [],
          "stats": Array [
            Object {
              "2007": 1,
            },
          ],
        },
        "ref": null,
        "rendered": null,
        "type": [Function],
      },
    ],
    "type": "div",
  },
  Symbol(enzyme.__nodes__): Array [
    Object {
      "instance": null,
      "key": undefined,
      "nodeType": "host",
      "props": Object {
        "children": Array [
          <Card
            location="COLORADO"
            selectCard={[Function]}
            selectedCards={Array []}
            stats={
                        Array [
                                    Object {
                                      "2007": 1,
                                    },
                                  ]
            }
/>,
        ],
        "className": "card-area",
      },
      "ref": null,
      "rendered": Array [
        Object {
          "instance": null,
          "key": "0",
          "nodeType": "function",
          "props": Object {
            "location": "COLORADO",
            "selectCard": [Function],
            "selectedCards": Array [],
            "stats": Array [
              Object {
                "2007": 1,
              },
            ],
          },
          "ref": null,
          "rendered": null,
          "type": [Function],
        },
      ],
      "type": "div",
    },
  ],
  Symbol(enzyme.__options__): Object {
    "adapter": ReactSixteenAdapter {
      "options": Object {
        "enableComponentDidUpdateOnSetState": true,
      },
    },
  },
}
`;
