// Jest Snapshot v1, https://goo.gl/fbAQLP

exports[`CompareCard should match the snapshot with all data passed in correctly 1`] = `
ShallowWrapper {
  Symbol(enzyme.__root__): [Circular],
  Symbol(enzyme.__unrendered__): <CompareCard
    cardInfo={
        Object {
            "ACADEMY 20": 0.407,
            "ADAMS COUNTY 14": 0.709,
            "compared": 0.574,
          }
    }
/>,
  Symbol(enzyme.__renderer__): Object {
    "batchedUpdates": [Function],
    "getNode": [Function],
    "render": [Function],
    "simulateError": [Function],
    "simulateEvent": [Function],
    "unmount": [Function],
  },
  Symbol(enzyme.__node__): Object {
    "instance": null,
    "key": undefined,
    "nodeType": "host",
    "props": Object {
      "children": Array [
        <h1
          className="location"
>
          ACADEMY 20
          :
</h1>,
        <h2
          className="location-num"
>
          0.407
</h2>,
        <h1
          className="compare-num"
>
          <span>
                    &lt;----
          </span>
           
          0.574
           
          <span>
                    ----&gt;
          </span>
</h1>,
        <h1
          className="location"
>
          ADAMS COUNTY 14
          :
</h1>,
        <h2
          className="location-num"
>
          0.709
</h2>,
      ],
      "className": "compare-card",
    },
    "ref": null,
    "rendered": Array [
      Object {
        "instance": null,
        "key": undefined,
        "nodeType": "host",
        "props": Object {
          "children": Array [
            "ACADEMY 20",
            ":",
          ],
          "className": "location",
        },
        "ref": null,
        "rendered": Array [
          "ACADEMY 20",
          ":",
        ],
        "type": "h1",
      },
      Object {
        "instance": null,
        "key": undefined,
        "nodeType": "host",
        "props": Object {
          "children": 0.407,
          "className": "location-num",
        },
        "ref": null,
        "rendered": 0.407,
        "type": "h2",
      },
      Object {
        "instance": null,
        "key": undefined,
        "nodeType": "host",
        "props": Object {
          "children": Array [
            <span>
              &lt;----
</span>,
            " ",
            0.574,
            " ",
            <span>
              ----&gt;
</span>,
          ],
          "className": "compare-num",
        },
        "ref": null,
        "rendered": Array [
          Object {
            "instance": null,
            "key": undefined,
            "nodeType": "host",
            "props": Object {
              "children": "<----",
            },
            "ref": null,
            "rendered": "<----",
            "type": "span",
          },
          " ",
          0.574,
          " ",
          Object {
            "instance": null,
            "key": undefined,
            "nodeType": "host",
            "props": Object {
              "children": "---->",
            },
            "ref": null,
            "rendered": "---->",
            "type": "span",
          },
        ],
        "type": "h1",
      },
      Object {
        "instance": null,
        "key": undefined,
        "nodeType": "host",
        "props": Object {
          "children": Array [
            "ADAMS COUNTY 14",
            ":",
          ],
          "className": "location",
        },
        "ref": null,
        "rendered": Array [
          "ADAMS COUNTY 14",
          ":",
        ],
        "type": "h1",
      },
      Object {
        "instance": null,
        "key": undefined,
        "nodeType": "host",
        "props": Object {
          "children": 0.709,
          "className": "location-num",
        },
        "ref": null,
        "rendered": 0.709,
        "type": "h2",
      },
    ],
    "type": "div",
  },
  Symbol(enzyme.__nodes__): Array [
    Object {
      "instance": null,
      "key": undefined,
      "nodeType": "host",
      "props": Object {
        "children": Array [
          <h1
            className="location"
>
            ACADEMY 20
            :
</h1>,
          <h2
            className="location-num"
>
            0.407
</h2>,
          <h1
            className="compare-num"
>
            <span>
                        &lt;----
            </span>
             
            0.574
             
            <span>
                        ----&gt;
            </span>
</h1>,
          <h1
            className="location"
>
            ADAMS COUNTY 14
            :
</h1>,
          <h2
            className="location-num"
>
            0.709
</h2>,
        ],
        "className": "compare-card",
      },
      "ref": null,
      "rendered": Array [
        Object {
          "instance": null,
          "key": undefined,
          "nodeType": "host",
          "props": Object {
            "children": Array [
              "ACADEMY 20",
              ":",
            ],
            "className": "location",
          },
          "ref": null,
          "rendered": Array [
            "ACADEMY 20",
            ":",
          ],
          "type": "h1",
        },
        Object {
          "instance": null,
          "key": undefined,
          "nodeType": "host",
          "props": Object {
            "children": 0.407,
            "className": "location-num",
          },
          "ref": null,
          "rendered": 0.407,
          "type": "h2",
        },
        Object {
          "instance": null,
          "key": undefined,
          "nodeType": "host",
          "props": Object {
            "children": Array [
              <span>
                &lt;----
</span>,
              " ",
              0.574,
              " ",
              <span>
                ----&gt;
</span>,
            ],
            "className": "compare-num",
          },
          "ref": null,
          "rendered": Array [
            Object {
              "instance": null,
              "key": undefined,
              "nodeType": "host",
              "props": Object {
                "children": "<----",
              },
              "ref": null,
              "rendered": "<----",
              "type": "span",
            },
            " ",
            0.574,
            " ",
            Object {
              "instance": null,
              "key": undefined,
              "nodeType": "host",
              "props": Object {
                "children": "---->",
              },
              "ref": null,
              "rendered": "---->",
              "type": "span",
            },
          ],
          "type": "h1",
        },
        Object {
          "instance": null,
          "key": undefined,
          "nodeType": "host",
          "props": Object {
            "children": Array [
              "ADAMS COUNTY 14",
              ":",
            ],
            "className": "location",
          },
          "ref": null,
          "rendered": Array [
            "ADAMS COUNTY 14",
            ":",
          ],
          "type": "h1",
        },
        Object {
          "instance": null,
          "key": undefined,
          "nodeType": "host",
          "props": Object {
            "children": 0.709,
            "className": "location-num",
          },
          "ref": null,
          "rendered": 0.709,
          "type": "h2",
        },
      ],
      "type": "div",
    },
  ],
  Symbol(enzyme.__options__): Object {
    "adapter": ReactSixteenAdapter {
      "options": Object {
        "enableComponentDidUpdateOnSetState": true,
        "lifecycles": Object {
          "componentDidUpdate": Object {
            "onSetState": true,
          },
          "getDerivedStateFromProps": true,
          "getSnapshotBeforeUpdate": true,
          "setState": Object {
            "skipsComponentDidUpdateOnNullish": true,
          },
        },
      },
    },
  },
}
`;
