// Jest Snapshot v1, https://goo.gl/fbAQLP

exports[`CardsContainer should have array of objects as props 1`] = `
ShallowWrapper {
  "length": 1,
  Symbol(enzyme.__root__): [Circular],
  Symbol(enzyme.__unrendered__): <CardsContainer
    districts={
        Object {
            "stats": Object {
              "COLORADO": Object {
                "location": "COLORADO",
                "stats": Object {
                  "2017": 0,
                },
              },
              "DENVER": Object {
                "location": "DENVER",
                "stats": Object {
                  "2017": 0,
                },
              },
            },
          }
    }
/>,
  Symbol(enzyme.__renderer__): Object {
    "batchedUpdates": [Function],
    "getNode": [Function],
    "render": [Function],
    "simulateEvent": [Function],
    "unmount": [Function],
  },
  Symbol(enzyme.__node__): Object {
    "instance": null,
    "key": undefined,
    "nodeType": "host",
    "props": Object {
      "children": Array [
        <Card
          district={
                    Object {
                              "location": "COLORADO",
                              "stats": Object {
                                "2017": 0,
                              },
                            }
          }
/>,
        <Card
          district={
                    Object {
                              "location": "DENVER",
                              "stats": Object {
                                "2017": 0,
                              },
                            }
          }
/>,
      ],
    },
    "ref": null,
    "rendered": Array [
      Object {
        "instance": null,
        "key": "0",
        "nodeType": "function",
        "props": Object {
          "district": Object {
            "location": "COLORADO",
            "stats": Object {
              "2017": 0,
            },
          },
        },
        "ref": null,
        "rendered": null,
        "type": [Function],
      },
      Object {
        "instance": null,
        "key": "1",
        "nodeType": "function",
        "props": Object {
          "district": Object {
            "location": "DENVER",
            "stats": Object {
              "2017": 0,
            },
          },
        },
        "ref": null,
        "rendered": null,
        "type": [Function],
      },
    ],
    "type": "div",
  },
  Symbol(enzyme.__nodes__): Array [
    Object {
      "instance": null,
      "key": undefined,
      "nodeType": "host",
      "props": Object {
        "children": Array [
          <Card
            district={
                        Object {
                                    "location": "COLORADO",
                                    "stats": Object {
                                      "2017": 0,
                                    },
                                  }
            }
/>,
          <Card
            district={
                        Object {
                                    "location": "DENVER",
                                    "stats": Object {
                                      "2017": 0,
                                    },
                                  }
            }
/>,
        ],
      },
      "ref": null,
      "rendered": Array [
        Object {
          "instance": null,
          "key": "0",
          "nodeType": "function",
          "props": Object {
            "district": Object {
              "location": "COLORADO",
              "stats": Object {
                "2017": 0,
              },
            },
          },
          "ref": null,
          "rendered": null,
          "type": [Function],
        },
        Object {
          "instance": null,
          "key": "1",
          "nodeType": "function",
          "props": Object {
            "district": Object {
              "location": "DENVER",
              "stats": Object {
                "2017": 0,
              },
            },
          },
          "ref": null,
          "rendered": null,
          "type": [Function],
        },
      ],
      "type": "div",
    },
  ],
  Symbol(enzyme.__options__): Object {
    "adapter": ReactSixteenAdapter {
      "options": Object {
        "enableComponentDidUpdateOnSetState": true,
      },
    },
  },
}
`;
