// Jest Snapshot v1, https://goo.gl/fbAQLP

exports[`Comparator should match the snapshot 1`] = `
<section
  className="Comparator"
/>
`;
