// Jest Snapshot v1, https://goo.gl/fbAQLP

exports[`CardComparison should match the snapshot with all data passed in correctly 1`] = `
<div
  className="comparison-wrapper"
>
  <h1
    className="comparison-heading"
  >
    School District Comparison
  </h1>
  <div
    className="card-comparison-container"
  >
    <Card
      clearComparison={[Function]}
      compareData={
        Array [
          Object {
            "location": "denver",
            "selected": true,
            "stats": Array [
              Object {
                "2001": 2,
              },
            ],
          },
          Object {
            "location": "boulder",
            "selected": true,
            "stats": Array [
              Object {
                "2002": 1,
              },
            ],
          },
        ]
      }
      district={
        Object {
          "location": "denver",
          "selected": true,
          "stats": Array [
            Object {
              "2001": 2,
            },
          ],
        }
      }
    />
    <Card
      clearComparison={[Function]}
      compareData={
        Array [
          Object {
            "location": "denver",
            "selected": true,
            "stats": Array [
              Object {
                "2001": 2,
              },
            ],
          },
          Object {
            "location": "boulder",
            "selected": true,
            "stats": Array [
              Object {
                "2002": 1,
              },
            ],
          },
        ]
      }
      district={
        Object {
          "location": "boulder",
          "selected": true,
          "stats": Array [
            Object {
              "2002": 1,
            },
          ],
        }
      }
    />
    <div
      className="comparison-data"
    >
      <h3
        className="district-name"
      >
        AGATE 300
      </h3>
      <p
        className="district-avg"
      >
        Average: 
        0.909
      </p>
      <h3
        className="district-name"
      >
        ARICKAREE R-2
      </h3>
      <p
        className="district-avg"
      >
        Average: 
        0.739
      </p>
      <h4
        className="comparison-value"
      >
        Compared Value: 
        1.23
      </h4>
      <button
        className="clear-btn"
        onClick={[Function]}
      >
        Clear
      </button>
    </div>
  </div>
</div>
`;
