// Jest Snapshot v1, https://goo.gl/fbAQLP

exports[`DistrictCard should match the snapshot 1`] = `
ShallowWrapper {
  Symbol(enzyme.__root__): [Circular],
  Symbol(enzyme.__unrendered__): <Unknown
    location="alabama"
    stats={
        Object {
            "2014": 0,
          }
    }
/>,
  Symbol(enzyme.__renderer__): Object {
    "batchedUpdates": [Function],
    "getNode": [Function],
    "render": [Function],
    "simulateEvent": [Function],
    "unmount": [Function],
  },
  Symbol(enzyme.__node__): Object {
    "instance": null,
    "key": undefined,
    "nodeType": "host",
    "props": Object {
      "children": Array [
        <h1
          className="districtLocation"
>
          alabama
</h1>,
        <ul
          className="districtStats"
>
          <li
                    className="statLesser"
          >
                    2014
                    : 
                    0
          </li>
</ul>,
      ],
      "className": "districtCard",
    },
    "ref": null,
    "rendered": Array [
      Object {
        "instance": null,
        "key": undefined,
        "nodeType": "host",
        "props": Object {
          "children": "alabama",
          "className": "districtLocation",
        },
        "ref": null,
        "rendered": "alabama",
        "type": "h1",
      },
      Object {
        "instance": null,
        "key": undefined,
        "nodeType": "host",
        "props": Object {
          "children": Array [
            <li
              className="statLesser"
>
              2014
              : 
              0
</li>,
          ],
          "className": "districtStats",
        },
        "ref": null,
        "rendered": Array [
          Object {
            "instance": null,
            "key": undefined,
            "nodeType": "host",
            "props": Object {
              "children": Array [
                "2014",
                ": ",
                0,
              ],
              "className": "statLesser",
            },
            "ref": null,
            "rendered": Array [
              "2014",
              ": ",
              0,
            ],
            "type": "li",
          },
        ],
        "type": "ul",
      },
    ],
    "type": "div",
  },
  Symbol(enzyme.__nodes__): Array [
    Object {
      "instance": null,
      "key": undefined,
      "nodeType": "host",
      "props": Object {
        "children": Array [
          <h1
            className="districtLocation"
>
            alabama
</h1>,
          <ul
            className="districtStats"
>
            <li
                        className="statLesser"
            >
                        2014
                        : 
                        0
            </li>
</ul>,
        ],
        "className": "districtCard",
      },
      "ref": null,
      "rendered": Array [
        Object {
          "instance": null,
          "key": undefined,
          "nodeType": "host",
          "props": Object {
            "children": "alabama",
            "className": "districtLocation",
          },
          "ref": null,
          "rendered": "alabama",
          "type": "h1",
        },
        Object {
          "instance": null,
          "key": undefined,
          "nodeType": "host",
          "props": Object {
            "children": Array [
              <li
                className="statLesser"
>
                2014
                : 
                0
</li>,
            ],
            "className": "districtStats",
          },
          "ref": null,
          "rendered": Array [
            Object {
              "instance": null,
              "key": undefined,
              "nodeType": "host",
              "props": Object {
                "children": Array [
                  "2014",
                  ": ",
                  0,
                ],
                "className": "statLesser",
              },
              "ref": null,
              "rendered": Array [
                "2014",
                ": ",
                0,
              ],
              "type": "li",
            },
          ],
          "type": "ul",
        },
      ],
      "type": "div",
    },
  ],
  Symbol(enzyme.__options__): Object {
    "adapter": ReactSixteenAdapter {
      "options": Object {
        "enableComponentDidUpdateOnSetState": true,
        "lifecycles": Object {
          "componentDidUpdate": Object {
            "onSetState": true,
          },
          "getSnapshotBeforeUpdate": true,
        },
      },
    },
    "attachTo": undefined,
    "hydrateIn": undefined,
  },
}
`;
